{
    "bool_1": false,
    "decimal_1": 10.01,
    "decimalArray_1": [
        6.6,
        7.7,
        8.8
    ],
    "integer_1": 1001,
    "integerArray_1": [
        77,
        88,
        99
    ],
    "object_1": {
        "enabled": true,
        "id": "7f1ae96f-1769-4d58-b636-ca0800c6550b",
        "maximum": 1,
        "minimum": 0
    },
    "object_2": {
        "enabled": true,
        "id": "c18359fb-30d0-4c6d-a73f-69d1ffca73e1",
        "maximum": 2,
        "minimum": 0.5
    },
    "objectArray_1": [
        {
            "id": "d5e4e751-7946-45f6-b6bc-0b6cf500651e",
            "value": 101
        },
        {
            "id": "435b39a6-6cc7-4d60-b2bf-e278d60ffa29",
            "value": 102
        },
        {
            "id": "51e61c2f-2ab7-4198-9a96-cda2cda00402",
            "value": 103
        }
    ],
    "string_1": "Level One",
    "stringArray_1": [
        "jiCztldn",
        "QJXCTUAt",
        "TunDMQSs"
    ]
}