{
    "settings": {
        "id": "7f1ae96f-1769-4d58-b636-ca0800c6550b",
        "callbackPath": "/auth_usr",
        "baseUrl": "https://qa.appserver.com",
        "maximum": 1.125,
        "minimum": 0.5,
        "allowOffCycle": true
    },
    "mailSettings": {
        "emailSettings": {
            "smtpServer": "smtp.mailserver.com",
            "port": 425,
            "fromEmail": "childobjectDEV@donotsend.com",
            "emailSubject": "DEV Subject",
            "enableSsl": true
        },
        "mailWhitelist": [
            "user1@donotsend.com",
            "user2@donotsend.com",
            "user3@donotsend.com"
        ],
        "mailHubSettings": {
            "ftpServer": "ftps.ftpserver.com",
            "port": 21,
            "user": "ftps_username",
            "password": "3up7mfzoovpfdygddotwj6iepjqfk4yvm3ttimhaepkm42n3lgit",
            "ssh_key_file": "~/.ssh/id_rsa",
            "remote_encoding": "utf-8"
        }
    }
}