{
    "settings": {
        "id": "7f1ae96f-1769-4d58-b636-ca0800c6550b",
        "callbackPath": "/auth_usr",
        "BaseUrl": "https://qa.appserver.com",
        "maximum": 1.125,
        "minimum": 0.5,
        "allowOffCycle": true
    },
    "mailSettings": {
        "emailSettings": {
            "smtpServer": "smtp.mailserver.com",
            "port": 25,
            "fromEmail": "childobject@donotsend.com",
            "enableSsl": "true",
            "emailSubject": "Email Test Subject"
        },
        "mailHubSettings":
        {
            "ftpServer": "ftps.ftpserver.com",
            "port": 21,
            "user": "ftps_username",
            "password": "3up7mfzoovpfdygddotwj6iepjqfk4yvm3ttimhaepkm42n3lgit",
            "ssh_key_file": "~/.ssh/id_rsa",
            "remote_encoding": "utf-8"
        }
    }
}