{
    "object_1": {
        "enabled": true,
        "id": "7f1ae96f-1769-4d58-b636-ca0800c6550b",
        "maximum": 1.667,
        "minimum": 0.667,
        "allowOffCycle": true
    },
    "object_2": {
        "enabled": false,
        "id": "c18359fb-30d0-4c6d-a73f-69d1ffca73e1",
        "maximum": 2,
        "minimum": 0.5
    }
}