{
    "bool_1": false,
    "decimalArray_1": [
        6.6,
        7.7,
        8.8,
        9.9
    ],
    "integer_1": 1001,
    "integerArray_1": [
        11,
        22,
        33
    ],
    "object_1": {
        "enabled": true,
        "id": "7f1ae96f-1769-4d58-b636-ca0800c6550b",
        "maximum": 1,
        "minimum": 0
    },
    "object_2": {
        "id": "c18359fb-30d0-4c6d-a73f-69d1ffca73e1",
        "maximum": 2,
        "minimum": 0.5,
        "enabled": true
    },
    "string_1": "Level One",
    "stringArray_1": [
        "jiCztldn",
        "QJXCTUAt",
        "TunDMQSs"
    ]
}